[dtpregnancy.wpengine.com/blog-grid/index.html]
[backblue.gif]
[fade.gif]
[index.html]
[fonts.googleapis.com/index.html]
[maxcdn.bootstrapcdn.com/index.html]
[dtpregnancy.wpengine.com/wp-content/plugins/woocommerce/assets/css/prettyPhoto5b21.css]
[code.jquery.com/index.html]
[code.jquery.com/ui/1.11.0/themes/smoothness/jquery-ui5b21.css]
[maxcdn.bootstrapcdn.com/font-awesome/4.6.3/css/font-awesome.min4698.css]
[player.vimeo.com/video/64092973cf6f.html]
[www.youtube.com/embed/NhutLj3SVzQ5b2e.html]
[dtpregnancy.wpengine.com/blog-grid/index.html]
[dtpregnancy.wpengine.com/wp-content/plugins/woocommerce/assets/js/prettyPhoto/jquery.prettyPhoto.min005e.js]
[fonts.googleapis.com/index.html]
[explorercanvas.googlecode.com/index.html]
[code.jquery.com/index.html]
[maxcdn.bootstrapcdn.com/'https_/www.bootstrapcdn.com/']
[maxcdn.bootstrapcdn.com/index.html]
[s.w.org/index.html]
[fonts.googleapis.com/css0f22.css]
[dtpregnancy.wpengine.com/wp-content/plugins/woocommerce/assets/css/prettyPhoto5b21.css]
[code.jquery.com/ui/1.11.0/themes/smoothness/images/animated-overlay.gif]
[code.jquery.com/ui/1.11.0/themes/smoothness/images/ui-bg_flat_75_ffffff_40x100.png]
[code.jquery.com/ui/1.11.0/themes/smoothness/images/ui-bg_highlight-soft_75_cccccc_1x100.png]
[code.jquery.com/ui/1.11.0/themes/smoothness/images/ui-bg_glass_75_e6e6e6_1x400.png]
[code.jquery.com/ui/1.11.0/themes/smoothness/images/ui-bg_glass_75_dadada_1x400.png]
[code.jquery.com/ui/1.11.0/themes/smoothness/images/ui-bg_glass_65_ffffff_1x400.png]
[code.jquery.com/ui/1.11.0/themes/smoothness/images/ui-bg_glass_55_fbf9ee_1x400.png]
[code.jquery.com/ui/1.11.0/themes/smoothness/images/ui-bg_glass_95_fef1ec_1x400.png]
[code.jquery.com/ui/1.11.0/themes/smoothness/images/ui-icons_222222_256x240.png]
[code.jquery.com/ui/1.11.0/themes/smoothness/images/ui-icons_888888_256x240.png]
[code.jquery.com/ui/1.11.0/themes/smoothness/images/ui-icons_454545_256x240.png]
[code.jquery.com/ui/1.11.0/themes/smoothness/images/ui-icons_2e83ff_256x240.png]
[code.jquery.com/ui/1.11.0/themes/smoothness/images/ui-icons_cd0a0a_256x240.png]
[code.jquery.com/ui/1.11.0/themes/smoothness/images/ui-bg_flat_0_aaaaaa_40x100.png]
[code.jquery.com/ui/1.11.0/themes/smoothness/jquery-ui5b21.css]
[maxcdn.bootstrapcdn.com/font-awesome/4.6.3/fonts/fontawesome-webfont5b62.eot]
[maxcdn.bootstrapcdn.com/font-awesome/4.6.3/fonts/fontawesome-webfontd41d.eot]
[maxcdn.bootstrapcdn.com/font-awesome/4.6.3/fonts/fontawesome-webfont5b62.woff2]
[maxcdn.bootstrapcdn.com/font-awesome/4.6.3/fonts/fontawesome-webfont5b62.woff]
[maxcdn.bootstrapcdn.com/font-awesome/4.6.3/fonts/fontawesome-webfont5b62.ttf]
[maxcdn.bootstrapcdn.com/font-awesome/4.6.3/css/font-awesome.min4698.css]
[fonts.googleapis.com/csscd70.css]
[maxcdn.bootstrapcdn.com/font-awesome/4.6.3/fonts/fontawesome-webfont5b62.svg]
[i.vimeocdn.com/video/434603311-b2b6db91f424403d39ebe6362aefde049faa2f9253a13323b234ad3d91703886-d228e.jpg]
[player.vimeo.com/video/64092973cf6f.html]
[www.youtube.com/img/meh7.1f.delayed]
[www.youtube.com/s/player/a25d4acf/www-embed-player.vflset/www-embed-player.js]
[www.youtube.com/s/player/a25d4acf/player_ias.vflset/en_US/base.js]
[www.youtube.com/s/player/a25d4acf/fetch-polyfill.vflset/fetch-polyfill.js]
[www.youtube.com/embed/NhutLj3SVzQ5b2e.html]
[widget.sndcdn.com/widget-7-215cba131f00.js]
[widget.sndcdn.com/widget-8-700e741844f8.js]
[w.soundcloud.com/player/indexf849.html]
[maxcdn.bootstrapcdn.com/'https_/www.bootstrapcdn.com/'.html]
[widget.sndcdn.com/widget-9-db6bc35ba195.js]
[maxcdn.bootstrapcdn.com/font-awesome/4.6.3/fonts/fontawesome-webfont5b62.svg]
[www.youtube.com/s/player/a25d4acf/www-player.css]
[www.youtube.com/img/meh7.html]
