[dtpregnancy.wpengine.com/2016/03/index.html]
[backblue.gif]
[fade.gif]
[index.html]
[dtpregnancy.wpengine.com/wp-content/plugins/woocommerce/assets/css/prettyPhoto1eb7.css]
[code.jquery.com/ui/1.11.0/themes/smoothness/jquery-ui1eb7.css]
[dtpregnancy.wpengine.com/2016/03/index.html]
[dtpregnancy.wpengine.com/wp-content/plugins/woocommerce/assets/css/prettyPhoto1eb7.css]
[dtpregnancy.wpengine.com/wp-content/plugins/woocommerce/assets/js/prettyPhoto/jquery.prettyPhoto.min005e.js]
[maxcdn.bootstrapcdn.com/font-awesome/4.6.3/css/font-awesome.min4698.css]
[code.jquery.com/ui/1.11.0/themes/smoothness/images/animated-overlay.gif]
[code.jquery.com/ui/1.11.0/themes/smoothness/images/ui-bg_flat_75_ffffff_40x100.png]
[code.jquery.com/ui/1.11.0/themes/smoothness/images/ui-bg_highlight-soft_75_cccccc_1x100.png]
[code.jquery.com/ui/1.11.0/themes/smoothness/images/ui-bg_glass_75_e6e6e6_1x400.png]
[code.jquery.com/ui/1.11.0/themes/smoothness/images/ui-bg_glass_75_dadada_1x400.png]
[code.jquery.com/ui/1.11.0/themes/smoothness/images/ui-bg_glass_65_ffffff_1x400.png]
[code.jquery.com/ui/1.11.0/themes/smoothness/images/ui-bg_glass_55_fbf9ee_1x400.png]
[code.jquery.com/ui/1.11.0/themes/smoothness/images/ui-bg_glass_95_fef1ec_1x400.png]
[code.jquery.com/ui/1.11.0/themes/smoothness/images/ui-icons_222222_256x240.png]
[code.jquery.com/ui/1.11.0/themes/smoothness/images/ui-icons_888888_256x240.png]
[code.jquery.com/ui/1.11.0/themes/smoothness/images/ui-icons_454545_256x240.png]
[code.jquery.com/ui/1.11.0/themes/smoothness/images/ui-icons_2e83ff_256x240.png]
[code.jquery.com/ui/1.11.0/themes/smoothness/images/ui-icons_cd0a0a_256x240.png]
[code.jquery.com/ui/1.11.0/themes/smoothness/images/ui-bg_flat_0_aaaaaa_40x100.png]
[code.jquery.com/ui/1.11.0/themes/smoothness/jquery-ui1eb7.css]
[maxcdn.bootstrapcdn.com/font-awesome/4.6.3/css/font-awesome.min4698.css]
