[dtpregnancy.wpengine.com/side-navigation/travel-during-pregnancy/index.html]
[backblue.gif]
[fade.gif]
[index.html]
[fonts.googleapis.com/index.html]
[code.jquery.com/index.html]
[maxcdn.bootstrapcdn.com/index.html]
[dtpregnancy.wpengine.com/wp-content/plugins/woocommerce/assets/css/prettyPhoto5b21.css]
[code.jquery.com/ui/1.11.0/themes/smoothness/jquery-ui5b21.css]
[maxcdn.bootstrapcdn.com/font-awesome/4.6.3/css/font-awesome.min4698.css]
[dtpregnancy.wpengine.com/side-navigation/travel-during-pregnancy/index.html]
[dtpregnancy.wpengine.com/wp-content/plugins/woocommerce/assets/js/prettyPhoto/jquery.prettyPhoto.min005e.js]
[fonts.googleapis.com/index.html]
[explorercanvas.googlecode.com/index.html]
[code.jquery.com/index.html]
[maxcdn.bootstrapcdn.com/'https_/www.bootstrapcdn.com/']
[maxcdn.bootstrapcdn.com/index.html]
[s.w.org/index.html]
[fonts.googleapis.com/css0f22.css]
[dtpregnancy.wpengine.com/wp-content/plugins/woocommerce/assets/css/prettyPhoto5b21.css]
[code.jquery.com/ui/1.11.0/themes/smoothness/images/animated-overlay.gif]
[code.jquery.com/ui/1.11.0/themes/smoothness/images/ui-bg_flat_75_ffffff_40x100.png]
[code.jquery.com/ui/1.11.0/themes/smoothness/images/ui-bg_highlight-soft_75_cccccc_1x100.png]
[code.jquery.com/ui/1.11.0/themes/smoothness/images/ui-bg_glass_75_e6e6e6_1x400.png]
[code.jquery.com/ui/1.11.0/themes/smoothness/images/ui-bg_glass_75_dadada_1x400.png]
[code.jquery.com/ui/1.11.0/themes/smoothness/images/ui-bg_glass_65_ffffff_1x400.png]
[code.jquery.com/ui/1.11.0/themes/smoothness/images/ui-bg_glass_55_fbf9ee_1x400.png]
[code.jquery.com/ui/1.11.0/themes/smoothness/images/ui-bg_glass_95_fef1ec_1x400.png]
[code.jquery.com/ui/1.11.0/themes/smoothness/images/ui-icons_222222_256x240.png]
[code.jquery.com/ui/1.11.0/themes/smoothness/images/ui-icons_888888_256x240.png]
[code.jquery.com/ui/1.11.0/themes/smoothness/images/ui-icons_454545_256x240.png]
[code.jquery.com/ui/1.11.0/themes/smoothness/images/ui-icons_2e83ff_256x240.png]
[code.jquery.com/ui/1.11.0/themes/smoothness/images/ui-icons_cd0a0a_256x240.png]
[code.jquery.com/ui/1.11.0/themes/smoothness/images/ui-bg_flat_0_aaaaaa_40x100.png]
[code.jquery.com/ui/1.11.0/themes/smoothness/jquery-ui5b21.css]
[maxcdn.bootstrapcdn.com/font-awesome/4.6.3/fonts/fontawesome-webfont5b62.eot]
[maxcdn.bootstrapcdn.com/font-awesome/4.6.3/fonts/fontawesome-webfontd41d.eot]
[maxcdn.bootstrapcdn.com/font-awesome/4.6.3/fonts/fontawesome-webfont5b62.woff2]
[maxcdn.bootstrapcdn.com/font-awesome/4.6.3/fonts/fontawesome-webfont5b62.woff]
[maxcdn.bootstrapcdn.com/font-awesome/4.6.3/fonts/fontawesome-webfont5b62.ttf]
[maxcdn.bootstrapcdn.com/font-awesome/4.6.3/css/font-awesome.min4698.css]
[fonts.googleapis.com/csscd70.css]
[maxcdn.bootstrapcdn.com/'https_/www.bootstrapcdn.com/'.html]
[maxcdn.bootstrapcdn.com/font-awesome/4.6.3/fonts/fontawesome-webfont5b62.svg]
[maxcdn.bootstrapcdn.com/font-awesome/4.6.3/fonts/fontawesome-webfont5b62.svg]
